flashseats-app-3  | Picked up JAVA_TOOL_OPTIONS: -XX:MaxRAMPercentage=70 -XX:+UseG1GC -XX:+ExitOnOutOfMemoryError
flashseats-app-3  | 
flashseats-app-3  |   .   ____          _            __ _ _
flashseats-app-3  |  /\\ / ___'_ __ _ _(_)_ __  __ _ \ \ \ \
flashseats-app-3  | ( ( )\___ | '_ | '_| | '_ \/ _` | \ \ \ \
flashseats-app-3  |  \\/  ___)| |_)| | | | | || (_| |  ) ) ) )
flashseats-app-3  |   '  |____| .__|_| |_|_| |_\__, | / / / /
flashseats-app-3  |  =========|_|==============|___/=/_/_/_/
flashseats-app-3  | 
flashseats-app-3  |  :: Spring Boot ::                (v4.1.1)
flashseats-app-3  | 
flashseats-app-3  | 2026-10-01T15:02:31.412Z  INFO 1 --- [flashseats] [           main] com.flashseats.FlashseatsApplication     : Starting FlashseatsApplication v0.0.1-SNAPSHOT using Java 21.0.12.1 with PID 1 (/app/app.jar started by app in /app)
flashseats-app-3  | 2026-10-01T15:02:31.658Z  INFO 1 --- [flashseats] [           main] com.flashseats.FlashseatsApplication     : The following 1 profile is active: "docker"
flashseats-app-2  | Picked up JAVA_TOOL_OPTIONS: -XX:MaxRAMPercentage=70 -XX:+UseG1GC -XX:+ExitOnOutOfMemoryError
flashseats-app-2  | 
flashseats-app-2  |   .   ____          _            __ _ _
flashseats-app-1  | Picked up JAVA_TOOL_OPTIONS: -XX:MaxRAMPercentage=70 -XX:+UseG1GC -XX:+ExitOnOutOfMemoryError
flashseats-app-1  | 
flashseats-app-1  |   .   ____          _            __ _ _
flashseats-app-1  |  /\\ / ___'_ __ _ _(_)_ __  __ _ \ \ \ \
flashseats-app-1  | ( ( )\___ | '_ | '_| | '_ \/ _` | \ \ \ \
flashseats-app-1  |  \\/  ___)| |_)| | | | | || (_| |  ) ) ) )
flashseats-app-1  |   '  |____| .__|_| |_|_| |_\__, | / / / /
flashseats-app-3  | 2026-10-01T15:02:51.354Z  INFO 1 --- [flashseats] [           main] .s.d.r.c.RepositoryConfigurationDelegate : Multiple Spring Data modules found, entering strict repository configuration mode
flashseats-app-3  | 2026-10-01T15:02:51.416Z  INFO 1 --- [flashseats] [           main] .s.d.r.c.RepositoryConfigurationDelegate : Bootstrapping Spring Data JPA repositories in DEFAULT mode.
flashseats-app-1  |  =========|_|==============|___/=/_/_/_/
flashseats-app-1  | 
flashseats-app-3  | 2026-10-01T15:02:53.359Z  INFO 1 --- [flashseats] [           main] .s.d.r.c.RepositoryConfigurationDelegate : Finished Spring Data repository scanning in 1815 ms. Found 11 JPA repository interfaces.
flashseats-app-3  | 2026-10-01T15:02:54.186Z  INFO 1 --- [flashseats] [           main] .s.d.r.c.RepositoryConfigurationDelegate : Multiple Spring Data modules found, entering strict repository configuration mode
flashseats-app-3  | 2026-10-01T15:02:54.200Z  INFO 1 --- [flashseats] [           main] .s.d.r.c.RepositoryConfigurationDelegate : Bootstrapping Spring Data Redis repositories in DEFAULT mode.
flashseats-app-1  |  :: Spring Boot ::                (v4.1.1)
flashseats-app-2  |  /\\ / ___'_ __ _ _(_)_ __  __ _ \ \ \ \
flashseats-app-2  | ( ( )\___ | '_ | '_| | '_ \/ _` | \ \ \ \
flashseats-app-2  |  \\/  ___)| |_)| | | | | || (_| |  ) ) ) )
flashseats-app-2  |   '  |____| .__|_| |_|_| |_\__, | / / / /
flashseats-app-2  |  =========|_|==============|___/=/_/_/_/
flashseats-app-2  | 
flashseats-app-2  |  :: Spring Boot ::                (v4.1.1)
flashseats-app-2  | 
flashseats-app-2  | 2026-10-01T15:02:28.258Z  INFO 1 --- [flashseats] [           main] com.flashseats.FlashseatsApplication     : Starting FlashseatsApplication v0.0.1-SNAPSHOT using Java 21.0.12.1 with PID 1 (/app/app.jar started by app in /app)
flashseats-app-2  | 2026-10-01T15:02:28.304Z  INFO 1 --- [flashseats] [           main] com.flashseats.FlashseatsApplication     : The following 1 profile is active: "docker"
flashseats-app-2  | 2026-10-01T15:02:47.045Z  INFO 1 --- [flashseats] [           main] .s.d.r.c.RepositoryConfigurationDelegate : Multiple Spring Data modules found, entering strict repository configuration mode
flashseats-app-2  | 2026-10-01T15:02:47.060Z  INFO 1 --- [flashseats] [           main] .s.d.r.c.RepositoryConfigurationDelegate : Bootstrapping Spring Data JPA repositories in DEFAULT mode.
flashseats-app-2  | 2026-10-01T15:02:49.085Z  INFO 1 --- [flashseats] [           main] .s.d.r.c.RepositoryConfigurationDelegate : Finished Spring Data repository scanning in 1960 ms. Found 11 JPA repository interfaces.
flashseats-app-2  | 2026-10-01T15:02:49.784Z  INFO 1 --- [flashseats] [           main] .s.d.r.c.RepositoryConfigurationDelegate : Multiple Spring Data modules found, entering strict repository configuration mode
flashseats-app-2  | 2026-10-01T15:02:49.788Z  INFO 1 --- [flashseats] [           main] .s.d.r.c.RepositoryConfigurationDelegate : Bootstrapping Spring Data Redis repositories in DEFAULT mode.
flashseats-app-3  | 2026-10-01T15:02:54.320Z  INFO 1 --- [flashseats] [           main] .RepositoryConfigurationExtensionSupport : Spring Data Redis - Could not safely identify store assignment for repository candidate interface com.flashseats.bot.repository.BotAuditLogRepository; If you want this repository to be a Redis repository, consider annotating your entities with one of these annotations: org.springframework.data.redis.core.RedisHash (preferred), or consider extending one of the following types with your repository: org.springframework.data.keyvalue.repository.KeyValueRepository
flashseats-app-3  | 2026-10-01T15:02:54.322Z  INFO 1 --- [flashseats] [           main] .RepositoryConfigurationExtensionSupport : Spring Data Redis - Could not safely identify store assignment for repository candidate interface com.flashseats.bot.repository.IpRuleRepository; If you want this repository to be a Redis repository, consider annotating your entities with one of these annotations: org.springframework.data.redis.core.RedisHash (preferred), or consider extending one of the following types with your repository: org.springframework.data.keyvalue.repository.KeyValueRepository
flashseats-app-3  | 2026-10-01T15:02:54.323Z  INFO 1 --- [flashseats] [           main] .RepositoryConfigurationExtensionSupport : Spring Data Redis - Could not safely identify store assignment for repository candidate interface com.flashseats.catalog.repository.EventRepository; If you want this repository to be a Redis repository, consider annotating your entities with one of these annotations: org.springframework.data.redis.core.RedisHash (preferred), or consider extending one of the following types with your repository: org.springframework.data.keyvalue.repository.KeyValueRepository
flashseats-app-3  | 2026-10-01T15:02:54.324Z  INFO 1 --- [flashseats] [           main] .RepositoryConfigurationExtensionSupport : Spring Data Redis - Could not safely identify store assignment for repository candidate interface com.flashseats.catalog.repository.TicketTierRepository; If you want this repository to be a Redis repository, consider annotating your entities with one of these annotations: org.springframework.data.redis.core.RedisHash (preferred), or consider extending one of the following types with your repository: org.springframework.data.keyvalue.repository.KeyValueRepository
flashseats-app-1  | 
flashseats-app-1  | 2026-10-01T15:02:27.629Z  INFO 1 --- [flashseats] [           main] com.flashseats.FlashseatsApplication     : Starting FlashseatsApplication v0.0.1-SNAPSHOT using Java 21.0.12.1 with PID 1 (/app/app.jar started by app in /app)
flashseats-app-1  | 2026-10-01T15:02:27.690Z  INFO 1 --- [flashseats] [           main] com.flashseats.FlashseatsApplication     : The following 1 profile is active: "docker"
flashseats-app-3  | 2026-10-01T15:02:54.330Z  INFO 1 --- [flashseats] [           main] .RepositoryConfigurationExtensionSupport : Spring Data Redis - Could not safely identify store assignment for repository candidate interface com.flashseats.hold.repository.TicketHoldRepository; If you want this repository to be a Redis repository, consider annotating your entities with one of these annotations: org.springframework.data.redis.core.RedisHash (preferred), or consider extending one of the following types with your repository: org.springframework.data.keyvalue.repository.KeyValueRepository
flashseats-app-3  | 2026-10-01T15:02:54.332Z  INFO 1 --- [flashseats] [           main] .RepositoryConfigurationExtensionSupport : Spring Data Redis - Could not safely identify store assignment for repository candidate interface com.flashseats.notification.repository.NotificationLogRepository; If you want this repository to be a Redis repository, consider annotating your entities with one of these annotations: org.springframework.data.redis.core.RedisHash (preferred), or consider extending one of the following types with your repository: org.springframework.data.keyvalue.repository.KeyValueRepository
flashseats-app-1  | 2026-10-01T15:02:45.746Z  INFO 1 --- [flashseats] [           main] .s.d.r.c.RepositoryConfigurationDelegate : Multiple Spring Data modules found, entering strict repository configuration mode
flashseats-app-1  | 2026-10-01T15:02:45.773Z  INFO 1 --- [flashseats] [           main] .s.d.r.c.RepositoryConfigurationDelegate : Bootstrapping Spring Data JPA repositories in DEFAULT mode.
flashseats-app-1  | 2026-10-01T15:02:47.014Z  INFO 1 --- [flashseats] [           main] .s.d.r.c.RepositoryConfigurationDelegate : Finished Spring Data repository scanning in 1179 ms. Found 11 JPA repository interfaces.
flashseats-app-3  | 2026-10-01T15:02:54.334Z  INFO 1 --- [flashseats] [           main] .RepositoryConfigurationExtensionSupport : Spring Data Redis - Could not safely identify store assignment for repository candidate interface com.flashseats.order.repository.OrderItemRepository; If you want this repository to be a Redis repository, consider annotating your entities with one of these annotations: org.springframework.data.redis.core.RedisHash (preferred), or consider extending one of the following types with your repository: org.springframework.data.keyvalue.repository.KeyValueRepository
flashseats-app-1  | 2026-10-01T15:02:47.687Z  INFO 1 --- [flashseats] [           main] .s.d.r.c.RepositoryConfigurationDelegate : Multiple Spring Data modules found, entering strict repository configuration mode
flashseats-app-1  | 2026-10-01T15:02:47.692Z  INFO 1 --- [flashseats] [           main] .s.d.r.c.RepositoryConfigurationDelegate : Bootstrapping Spring Data Redis repositories in DEFAULT mode.
flashseats-app-1  | 2026-10-01T15:02:47.907Z  INFO 1 --- [flashseats] [           main] .RepositoryConfigurationExtensionSupport : Spring Data Redis - Could not safely identify store assignment for repository candidate interface com.flashseats.bot.repository.BotAuditLogRepository; If you want this repository to be a Redis repository, consider annotating your entities with one of these annotations: org.springframework.data.redis.core.RedisHash (preferred), or consider extending one of the following types with your repository: org.springframework.data.keyvalue.repository.KeyValueRepository
flashseats-app-3  | 2026-10-01T15:02:54.336Z  INFO 1 --- [flashseats] [           main] .RepositoryConfigurationExtensionSupport : Spring Data Redis - Could not safely identify store assignment for repository candidate interface com.flashseats.order.repository.OrderRepository; If you want this repository to be a Redis repository, consider annotating your entities with one of these annotations: org.springframework.data.redis.core.RedisHash (preferred), or consider extending one of the following types with your repository: org.springframework.data.keyvalue.repository.KeyValueRepository
flashseats-app-1  | 2026-10-01T15:02:47.913Z  INFO 1 --- [flashseats] [           main] .RepositoryConfigurationExtensionSupport : Spring Data Redis - Could not safely identify store assignment for repository candidate interface com.flashseats.bot.repository.IpRuleRepository; If you want this repository to be a Redis repository, consider annotating your entities with one of these annotations: org.springframework.data.redis.core.RedisHash (preferred), or consider extending one of the following types with your repository: org.springframework.data.keyvalue.repository.KeyValueRepository
flashseats-app-1  | 2026-10-01T15:02:47.914Z  INFO 1 --- [flashseats] [           main] .RepositoryConfigurationExtensionSupport : Spring Data Redis - Could not safely identify store assignment for repository candidate interface com.flashseats.catalog.repository.EventRepository; If you want this repository to be a Redis repository, consider annotating your entities with one of these annotations: org.springframework.data.redis.core.RedisHash (preferred), or consider extending one of the following types with your repository: org.springframework.data.keyvalue.repository.KeyValueRepository
flashseats-app-2  | 2026-10-01T15:02:49.885Z  INFO 1 --- [flashseats] [           main] .RepositoryConfigurationExtensionSupport : Spring Data Redis - Could not safely identify store assignment for repository candidate interface com.flashseats.bot.repository.BotAuditLogRepository; If you want this repository to be a Redis repository, consider annotating your entities with one of these annotations: org.springframework.data.redis.core.RedisHash (preferred), or consider extending one of the following types with your repository: org.springframework.data.keyvalue.repository.KeyValueRepository
flashseats-app-2  | 2026-10-01T15:02:49.887Z  INFO 1 --- [flashseats] [           main] .RepositoryConfigurationExtensionSupport : Spring Data Redis - Could not safely identify store assignment for repository candidate interface com.flashseats.bot.repository.IpRuleRepository; If you want this repository to be a Redis repository, consider annotating your entities with one of these annotations: org.springframework.data.redis.core.RedisHash (preferred), or consider extending one of the following types with your repository: org.springframework.data.keyvalue.repository.KeyValueRepository
flashseats-app-3  | 2026-10-01T15:02:54.339Z  INFO 1 --- [flashseats] [           main] .RepositoryConfigurationExtensionSupport : Spring Data Redis - Could not safely identify store assignment for repository candidate interface com.flashseats.order.repository.OutboxEventRepository; If you want this repository to be a Redis repository, consider annotating your entities with one of these annotations: org.springframework.data.redis.core.RedisHash (preferred), or consider extending one of the following types with your repository: org.springframework.data.keyvalue.repository.KeyValueRepository
flashseats-app-3  | 2026-10-01T15:02:54.352Z  INFO 1 --- [flashseats] [           main] .RepositoryConfigurationExtensionSupport : Spring Data Redis - Could not safely identify store assignment for repository candidate interface com.flashseats.payment.repository.PaymentTransactionRepository; If you want this repository to be a Redis repository, consider annotating your entities with one of these annotations: org.springframework.data.redis.core.RedisHash (preferred), or consider extending one of the following types with your repository: org.springframework.data.keyvalue.repository.KeyValueRepository
flashseats-app-3  | 2026-10-01T15:02:54.353Z  INFO 1 --- [flashseats] [           main] .RepositoryConfigurationExtensionSupport : Spring Data Redis - Could not safely identify store assignment for repository candidate interface com.flashseats.payment.repository.WebhookEventRepository; If you want this repository to be a Redis repository, consider annotating your entities with one of these annotations: org.springframework.data.redis.core.RedisHash (preferred), or consider extending one of the following types with your repository: org.springframework.data.keyvalue.repository.KeyValueRepository
flashseats-app-3  | 2026-10-01T15:02:54.354Z  INFO 1 --- [flashseats] [           main] .s.d.r.c.RepositoryConfigurationDelegate : Finished Spring Data repository scanning in 80 ms. Found 0 Redis repository interfaces.
flashseats-app-1  | 2026-10-01T15:02:47.915Z  INFO 1 --- [flashseats] [           main] .RepositoryConfigurationExtensionSupport : Spring Data Redis - Could not safely identify store assignment for repository candidate interface com.flashseats.catalog.repository.TicketTierRepository; If you want this repository to be a Redis repository, consider annotating your entities with one of these annotations: org.springframework.data.redis.core.RedisHash (preferred), or consider extending one of the following types with your repository: org.springframework.data.keyvalue.repository.KeyValueRepository
flashseats-app-1  | 2026-10-01T15:02:47.923Z  INFO 1 --- [flashseats] [           main] .RepositoryConfigurationExtensionSupport : Spring Data Redis - Could not safely identify store assignment for repository candidate interface com.flashseats.hold.repository.TicketHoldRepository; If you want this repository to be a Redis repository, consider annotating your entities with one of these annotations: org.springframework.data.redis.core.RedisHash (preferred), or consider extending one of the following types with your repository: org.springframework.data.keyvalue.repository.KeyValueRepository
flashseats-app-1  | 2026-10-01T15:02:47.924Z  INFO 1 --- [flashseats] [           main] .RepositoryConfigurationExtensionSupport : Spring Data Redis - Could not safely identify store assignment for repository candidate interface com.flashseats.notification.repository.NotificationLogRepository; If you want this repository to be a Redis repository, consider annotating your entities with one of these annotations: org.springframework.data.redis.core.RedisHash (preferred), or consider extending one of the following types with your repository: org.springframework.data.keyvalue.repository.KeyValueRepository
flashseats-app-1  | 2026-10-01T15:02:47.927Z  INFO 1 --- [flashseats] [           main] .RepositoryConfigurationExtensionSupport : Spring Data Redis - Could not safely identify store assignment for repository candidate interface com.flashseats.order.repository.OrderItemRepository; If you want this repository to be a Redis repository, consider annotating your entities with one of these annotations: org.springframework.data.redis.core.RedisHash (preferred), or consider extending one of the following types with your repository: org.springframework.data.keyvalue.repository.KeyValueRepository
flashseats-app-1  | 2026-10-01T15:02:47.936Z  INFO 1 --- [flashseats] [           main] .RepositoryConfigurationExtensionSupport : Spring Data Redis - Could not safely identify store assignment for repository candidate interface com.flashseats.order.repository.OrderRepository; If you want this repository to be a Redis repository, consider annotating your entities with one of these annotations: org.springframework.data.redis.core.RedisHash (preferred), or consider extending one of the following types with your repository: org.springframework.data.keyvalue.repository.KeyValueRepository
flashseats-app-1  | 2026-10-01T15:02:47.939Z  INFO 1 --- [flashseats] [           main] .RepositoryConfigurationExtensionSupport : Spring Data Redis - Could not safely identify store assignment for repository candidate interface com.flashseats.order.repository.OutboxEventRepository; If you want this repository to be a Redis repository, consider annotating your entities with one of these annotations: org.springframework.data.redis.core.RedisHash (preferred), or consider extending one of the following types with your repository: org.springframework.data.keyvalue.repository.KeyValueRepository
flashseats-app-1  | 2026-10-01T15:02:47.948Z  INFO 1 --- [flashseats] [           main] .RepositoryConfigurationExtensionSupport : Spring Data Redis - Could not safely identify store assignment for repository candidate interface com.flashseats.payment.repository.PaymentTransactionRepository; If you want this repository to be a Redis repository, consider annotating your entities with one of these annotations: org.springframework.data.redis.core.RedisHash (preferred), or consider extending one of the following types with your repository: org.springframework.data.keyvalue.repository.KeyValueRepository
flashseats-app-1  | 2026-10-01T15:02:47.950Z  INFO 1 --- [flashseats] [           main] .RepositoryConfigurationExtensionSupport : Spring Data Redis - Could not safely identify store assignment for repository candidate interface com.flashseats.payment.repository.WebhookEventRepository; If you want this repository to be a Redis repository, consider annotating your entities with one of these annotations: org.springframework.data.redis.core.RedisHash (preferred), or consider extending one of the following types with your repository: org.springframework.data.keyvalue.repository.KeyValueRepository
flashseats-app-1  | 2026-10-01T15:02:47.962Z  INFO 1 --- [flashseats] [           main] .s.d.r.c.RepositoryConfigurationDelegate : Finished Spring Data repository scanning in 174 ms. Found 0 Redis repository interfaces.
flashseats-app-1  | 2026-10-01T15:03:01.844Z  INFO 1 --- [flashseats] [           main] o.s.boot.tomcat.TomcatWebServer          : Tomcat initialized with port 8080 (http)
flashseats-app-1  | 2026-10-01T15:03:02.015Z  INFO 1 --- [flashseats] [           main] o.apache.catalina.core.StandardService   : Starting service [Tomcat]
flashseats-app-1  | 2026-10-01T15:03:02.022Z  INFO 1 --- [flashseats] [           main] o.apache.catalina.core.StandardEngine    : Starting Servlet engine: [Apache Tomcat/11.0.24]
flashseats-app-1  | 2026-10-01T15:03:02.486Z  INFO 1 --- [flashseats] [           main] b.w.c.s.WebApplicationContextInitializer : Root WebApplicationContext: initialization completed in 34131 ms
flashseats-app-1  | 2026-10-01T15:03:23.886Z  INFO 1 --- [flashseats] [           main] com.zaxxer.hikari.HikariDataSource       : HikariPool-1 - Starting...
flashseats-app-1  | 2026-10-01T15:03:26.597Z  INFO 1 --- [flashseats] [           main] com.zaxxer.hikari.pool.HikariPool        : HikariPool-1 - Added connection org.postgresql.jdbc.PgConnection@400df2b3
flashseats-app-1  | 2026-10-01T15:03:26.631Z  INFO 1 --- [flashseats] [           main] com.zaxxer.hikari.HikariDataSource       : HikariPool-1 - Start completed.
flashseats-app-2  | 2026-10-01T15:02:49.890Z  INFO 1 --- [flashseats] [           main] .RepositoryConfigurationExtensionSupport : Spring Data Redis - Could not safely identify store assignment for repository candidate interface com.flashseats.catalog.repository.EventRepository; If you want this repository to be a Redis repository, consider annotating your entities with one of these annotations: org.springframework.data.redis.core.RedisHash (preferred), or consider extending one of the following types with your repository: org.springframework.data.keyvalue.repository.KeyValueRepository
flashseats-app-2  | 2026-10-01T15:02:49.892Z  INFO 1 --- [flashseats] [           main] .RepositoryConfigurationExtensionSupport : Spring Data Redis - Could not safely identify store assignment for repository candidate interface com.flashseats.catalog.repository.TicketTierRepository; If you want this repository to be a Redis repository, consider annotating your entities with one of these annotations: org.springframework.data.redis.core.RedisHash (preferred), or consider extending one of the following types with your repository: org.springframework.data.keyvalue.repository.KeyValueRepository
flashseats-app-2  | 2026-10-01T15:02:49.893Z  INFO 1 --- [flashseats] [           main] .RepositoryConfigurationExtensionSupport : Spring Data Redis - Could not safely identify store assignment for repository candidate interface com.flashseats.hold.repository.TicketHoldRepository; If you want this repository to be a Redis repository, consider annotating your entities with one of these annotations: org.springframework.data.redis.core.RedisHash (preferred), or consider extending one of the following types with your repository: org.springframework.data.keyvalue.repository.KeyValueRepository
flashseats-app-2  | 2026-10-01T15:02:49.894Z  INFO 1 --- [flashseats] [           main] .RepositoryConfigurationExtensionSupport : Spring Data Redis - Could not safely identify store assignment for repository candidate interface com.flashseats.notification.repository.NotificationLogRepository; If you want this repository to be a Redis repository, consider annotating your entities with one of these annotations: org.springframework.data.redis.core.RedisHash (preferred), or consider extending one of the following types with your repository: org.springframework.data.keyvalue.repository.KeyValueRepository
flashseats-app-1  | 2026-10-01T15:03:27.220Z  INFO 1 --- [flashseats] [           main] org.flywaydb.core.FlywayExecutor         : Database: jdbc:postgresql://postgres:5432/flashseats (PostgreSQL 16.15)
flashseats-app-2  | 2026-10-01T15:02:49.896Z  INFO 1 --- [flashseats] [           main] .RepositoryConfigurationExtensionSupport : Spring Data Redis - Could not safely identify store assignment for repository candidate interface com.flashseats.order.repository.OrderItemRepository; If you want this repository to be a Redis repository, consider annotating your entities with one of these annotations: org.springframework.data.redis.core.RedisHash (preferred), or consider extending one of the following types with your repository: org.springframework.data.keyvalue.repository.KeyValueRepository
flashseats-app-2  | 2026-10-01T15:02:49.897Z  INFO 1 --- [flashseats] [           main] .RepositoryConfigurationExtensionSupport : Spring Data Redis - Could not safely identify store assignment for repository candidate interface com.flashseats.order.repository.OrderRepository; If you want this repository to be a Redis repository, consider annotating your entities with one of these annotations: org.springframework.data.redis.core.RedisHash (preferred), or consider extending one of the following types with your repository: org.springframework.data.keyvalue.repository.KeyValueRepository
flashseats-app-2  | 2026-10-01T15:02:49.899Z  INFO 1 --- [flashseats] [           main] .RepositoryConfigurationExtensionSupport : Spring Data Redis - Could not safely identify store assignment for repository candidate interface com.flashseats.order.repository.OutboxEventRepository; If you want this repository to be a Redis repository, consider annotating your entities with one of these annotations: org.springframework.data.redis.core.RedisHash (preferred), or consider extending one of the following types with your repository: org.springframework.data.keyvalue.repository.KeyValueRepository
flashseats-app-1  | 2026-10-01T15:03:29.682Z  INFO 1 --- [flashseats] [           main] o.f.core.internal.command.DbValidate     : Successfully validated 12 migrations (execution time 00:01.314s)
flashseats-app-1  | 2026-10-01T15:03:29.805Z  INFO 1 --- [flashseats] [           main] o.f.core.internal.command.DbMigrate      : Current version of schema "public": 12
flashseats-app-1  | 2026-10-01T15:03:29.827Z  INFO 1 --- [flashseats] [           main] o.f.core.internal.command.DbMigrate      : Schema "public" is up to date. No migration necessary.
flashseats-app-1  | 2026-10-01T15:03:31.860Z  INFO 1 --- [flashseats] [           main] org.hibernate.orm.jpa                    : HHH008540: Processing PersistenceUnitInfo [name: default]
flashseats-app-1  | 2026-10-01T15:03:32.410Z  INFO 1 --- [flashseats] [           main] org.hibernate.orm.core                   : HHH000001: Hibernate ORM core version 7.4.5.Final
flashseats-app-1  | 2026-10-01T15:03:37.779Z  INFO 1 --- [flashseats] [           main] o.s.o.j.p.SpringPersistenceUnitInfo      : No LoadTimeWeaver setup: ignoring JPA class transformer
flashseats-app-1  | 2026-10-01T15:03:38.614Z  INFO 1 --- [flashseats] [           main] org.hibernate.orm.connections.pooling    : HHH10001005: Database info:
flashseats-app-1  | 	Database JDBC URL [jdbc:postgresql://postgres:5432/flashseats]
flashseats-app-3  | 2026-10-01T15:03:07.278Z  INFO 1 --- [flashseats] [           main] o.s.boot.tomcat.TomcatWebServer          : Tomcat initialized with port 8080 (http)
flashseats-app-3  | 2026-10-01T15:03:07.595Z  INFO 1 --- [flashseats] [           main] o.apache.catalina.core.StandardService   : Starting service [Tomcat]
flashseats-app-1  | 	Database driver: PostgreSQL JDBC Driver
flashseats-app-1  | 	Database dialect: PostgreSQLDialect
flashseats-app-1  | 	Database version: 16.15
flashseats-app-1  | 	Default catalog/schema: flashseats/public
flashseats-app-1  | 	Autocommit mode: undefined/unknown
flashseats-app-1  | 	Isolation level: READ_COMMITTED [default READ_COMMITTED]
flashseats-app-3  | 2026-10-01T15:03:07.595Z  INFO 1 --- [flashseats] [           main] o.apache.catalina.core.StandardEngine    : Starting Servlet engine: [Apache Tomcat/11.0.24]
flashseats-app-3  | 2026-10-01T15:03:07.981Z  INFO 1 --- [flashseats] [           main] b.w.c.s.WebApplicationContextInitializer : Root WebApplicationContext: initialization completed in 34602 ms
flashseats-app-1  | 	JDBC fetch size: none
flashseats-app-1  | 	Pool: DataSourceConnectionProvider
flashseats-app-1  | 	Minimum pool size: undefined/unknown
flashseats-app-1  | 	Maximum pool size: undefined/unknown
flashseats-app-3  | 2026-10-01T15:03:31.248Z  INFO 1 --- [flashseats] [           main] com.zaxxer.hikari.HikariDataSource       : HikariPool-1 - Starting...
flashseats-app-3  | 2026-10-01T15:03:33.451Z  INFO 1 --- [flashseats] [           main] com.zaxxer.hikari.pool.HikariPool        : HikariPool-1 - Added connection org.postgresql.jdbc.PgConnection@70044113
flashseats-app-1  | 2026-10-01T15:03:46.375Z  INFO 1 --- [flashseats] [           main] org.hibernate.orm.core                   : HHH000489: No JTA platform available (set 'hibernate.transaction.jta.platform' to enable JTA platform integration)
flashseats-app-1  | 2026-10-01T15:03:46.796Z  INFO 1 --- [flashseats] [           main] j.LocalContainerEntityManagerFactoryBean : Initialized JPA EntityManagerFactory for persistence unit 'default'
flashseats-app-1  | 2026-10-01T15:03:47.542Z  INFO 1 --- [flashseats] [           main] o.s.d.j.r.query.QueryEnhancerFactories   : Hibernate is in classpath; If applicable, HQL parser will be used.
flashseats-app-1  | 2026-10-01T15:04:05.591Z  INFO 1 --- [flashseats] [           main] c.f.p.gateway.PaymentGatewayConfig       : Payment gateway: Stripe
flashseats-app-1  | 2026-10-01T15:04:10.459Z  INFO 1 --- [flashseats] [           main] r$InitializeUserDetailsManagerConfigurer : Global AuthenticationManager configured with UserDetailsService bean with name adminUser
flashseats-app-1  | 2026-10-01T15:04:12.677Z  INFO 1 --- [flashseats] [           main] o.s.b.w.a.WelcomePageHandlerMapping      : Adding welcome page: class path resource [static/index.html]
flashseats-app-1  | 2026-10-01T15:04:18.954Z  INFO 1 --- [flashseats] [           main] o.s.b.a.e.web.EndpointLinksResolver      : Exposing 4 endpoints beneath base path '/actuator'
flashseats-app-1  | 2026-10-01T15:04:19.838Z  INFO 1 --- [flashseats] [           main] o.s.boot.tomcat.TomcatWebServer          : Tomcat started on port 8080 (http) with context path '/'
flashseats-app-3  | 2026-10-01T15:03:33.459Z  INFO 1 --- [flashseats] [           main] com.zaxxer.hikari.HikariDataSource       : HikariPool-1 - Start completed.
flashseats-app-3  | 2026-10-01T15:03:33.600Z  INFO 1 --- [flashseats] [           main] org.flywaydb.core.FlywayExecutor         : Database: jdbc:postgresql://postgres:5432/flashseats (PostgreSQL 16.15)
flashseats-app-3  | 2026-10-01T15:03:34.983Z  INFO 1 --- [flashseats] [           main] o.f.core.internal.command.DbValidate     : Successfully validated 12 migrations (execution time 00:00.731s)
flashseats-app-3  | 2026-10-01T15:03:35.114Z  INFO 1 --- [flashseats] [           main] o.f.core.internal.command.DbMigrate      : Current version of schema "public": 12
flashseats-app-3  | 2026-10-01T15:03:35.147Z  INFO 1 --- [flashseats] [           main] o.f.core.internal.command.DbMigrate      : Schema "public" is up to date. No migration necessary.
flashseats-app-3  | 2026-10-01T15:03:36.275Z  INFO 1 --- [flashseats] [           main] org.hibernate.orm.jpa                    : HHH008540: Processing PersistenceUnitInfo [name: default]
flashseats-app-1  | 2026-10-01T15:04:21.887Z  INFO 1 --- [flashseats] [           main] o.s.a.r.c.CachingConnectionFactory       : Attempting to connect to: [rabbitmq:5672]
flashseats-app-1  | 2026-10-01T15:04:22.279Z  INFO 1 --- [flashseats] [           main] o.s.a.r.c.CachingConnectionFactory       : Created new connection: rabbitConnectionFactory#79b49b1d:0/SimpleConnection@169d11c5 [delegate=amqp://flashseats@172.28.0.2:5672/, localPort=47510]
flashseats-app-1  | 2026-10-01T15:04:23.515Z  INFO 1 --- [flashseats] [           main] com.flashseats.FlashseatsApplication     : Started FlashseatsApplication in 120.033 seconds (process running for 124.038)
flashseats-app-1  | 2026-10-01T15:04:28.468Z  INFO 1 --- [flashseats] [omcat-handler-0] o.a.c.c.C.[Tomcat].[localhost].[/]       : Initializing Spring DispatcherServlet 'dispatcherServlet'
flashseats-app-2  | 2026-10-01T15:02:49.900Z  INFO 1 --- [flashseats] [           main] .RepositoryConfigurationExtensionSupport : Spring Data Redis - Could not safely identify store assignment for repository candidate interface com.flashseats.payment.repository.PaymentTransactionRepository; If you want this repository to be a Redis repository, consider annotating your entities with one of these annotations: org.springframework.data.redis.core.RedisHash (preferred), or consider extending one of the following types with your repository: org.springframework.data.keyvalue.repository.KeyValueRepository
flashseats-app-2  | 2026-10-01T15:02:49.901Z  INFO 1 --- [flashseats] [           main] .RepositoryConfigurationExtensionSupport : Spring Data Redis - Could not safely identify store assignment for repository candidate interface com.flashseats.payment.repository.WebhookEventRepository; If you want this repository to be a Redis repository, consider annotating your entities with one of these annotations: org.springframework.data.redis.core.RedisHash (preferred), or consider extending one of the following types with your repository: org.springframework.data.keyvalue.repository.KeyValueRepository
flashseats-app-1  | 2026-10-01T15:04:28.473Z  INFO 1 --- [flashseats] [omcat-handler-0] o.s.web.servlet.DispatcherServlet        : Initializing Servlet 'dispatcherServlet'
flashseats-app-1  | 2026-10-01T15:04:28.482Z  INFO 1 --- [flashseats] [omcat-handler-0] o.s.web.servlet.DispatcherServlet        : Completed initialization in 8 ms
flashseats-app-3  | 2026-10-01T15:03:36.837Z  INFO 1 --- [flashseats] [           main] org.hibernate.orm.core                   : HHH000001: Hibernate ORM core version 7.4.5.Final
flashseats-app-3  | 2026-10-01T15:03:41.271Z  INFO 1 --- [flashseats] [           main] o.s.o.j.p.SpringPersistenceUnitInfo      : No LoadTimeWeaver setup: ignoring JPA class transformer
flashseats-app-3  | 2026-10-01T15:03:41.710Z  INFO 1 --- [flashseats] [           main] org.hibernate.orm.connections.pooling    : HHH10001005: Database info:
flashseats-app-2  | 2026-10-01T15:02:49.902Z  INFO 1 --- [flashseats] [           main] .s.d.r.c.RepositoryConfigurationDelegate : Finished Spring Data repository scanning in 48 ms. Found 0 Redis repository interfaces.
flashseats-app-1  | 2026-10-01T15:04:33.721Z  INFO 1 --- [flashseats] [   scheduling-2] c.flashseats.hold.service.HoldService    : Sweeper reclaimed 3 expired hold(s)
flashseats-app-1  | 2026-10-01T15:05:23.581Z ERROR 1 --- [flashseats] [   scheduling-2] c.f.o.s.StockReconciliationService       : Stock drift on tier 9002 of event 9002: counter says 1, ledger says 2
flashseats-app-1  | 2026-10-01T15:05:23.599Z ERROR 1 --- [flashseats] [   scheduling-2] c.f.o.s.StockReconciliationService       : Stock drift on tier 9003 of event 9003: counter says 5, ledger says 8
flashseats-app-1  | 2026-10-01T15:05:23.617Z ERROR 1 --- [flashseats] [   scheduling-2] c.f.o.s.StockReconciliationService       : Stock drift on tier 9004 of event 9004: counter says 9, ledger says 18
flashseats-app-1  | 2026-10-01T15:05:23.636Z ERROR 1 --- [flashseats] [   scheduling-2] c.f.o.s.StockReconciliationService       : Stock drift on tier 9005 of event 9005: counter says 7, ledger says 8
flashseats-app-1  | 2026-10-01T15:06:23.669Z ERROR 1 --- [flashseats] [   scheduling-2] c.f.o.s.StockReconciliationService       : Stock drift on tier 9002 of event 9002: counter says 1, ledger says 2
flashseats-app-1  | 2026-10-01T15:06:23.688Z ERROR 1 --- [flashseats] [   scheduling-2] c.f.o.s.StockReconciliationService       : Stock drift on tier 9003 of event 9003: counter says 5, ledger says 8
flashseats-app-1  | 2026-10-01T15:06:23.701Z ERROR 1 --- [flashseats] [   scheduling-2] c.f.o.s.StockReconciliationService       : Stock drift on tier 9004 of event 9004: counter says 9, ledger says 18
flashseats-app-1  | 2026-10-01T15:06:23.713Z ERROR 1 --- [flashseats] [   scheduling-2] c.f.o.s.StockReconciliationService       : Stock drift on tier 9005 of event 9005: counter says 7, ledger says 8
flashseats-app-2  | 2026-10-01T15:03:01.337Z  INFO 1 --- [flashseats] [           main] o.s.boot.tomcat.TomcatWebServer          : Tomcat initialized with port 8080 (http)
flashseats-app-2  | 2026-10-01T15:03:01.472Z  INFO 1 --- [flashseats] [           main] o.apache.catalina.core.StandardService   : Starting service [Tomcat]
flashseats-app-1  | 2026-10-01T15:07:23.738Z ERROR 1 --- [flashseats] [   scheduling-2] c.f.o.s.StockReconciliationService       : Stock drift on tier 9002 of event 9002: counter says 1, ledger says 2
flashseats-app-1  | 2026-10-01T15:07:23.747Z ERROR 1 --- [flashseats] [   scheduling-2] c.f.o.s.StockReconciliationService       : Stock drift on tier 9003 of event 9003: counter says 5, ledger says 8
flashseats-app-1  | 2026-10-01T15:07:23.756Z ERROR 1 --- [flashseats] [   scheduling-2] c.f.o.s.StockReconciliationService       : Stock drift on tier 9004 of event 9004: counter says 9, ledger says 18
flashseats-app-3  | 	Database JDBC URL [jdbc:postgresql://postgres:5432/flashseats]
flashseats-app-3  | 	Database driver: PostgreSQL JDBC Driver
flashseats-app-3  | 	Database dialect: PostgreSQLDialect
flashseats-app-1  | 2026-10-01T15:07:23.764Z ERROR 1 --- [flashseats] [   scheduling-2] c.f.o.s.StockReconciliationService       : Stock drift on tier 9005 of event 9005: counter says 7, ledger says 8
flashseats-app-1  | 2026-10-01T15:08:23.777Z ERROR 1 --- [flashseats] [   scheduling-2] c.f.o.s.StockReconciliationService       : Stock drift on tier 9002 of event 9002: counter says 1, ledger says 2
flashseats-app-1  | 2026-10-01T15:08:23.784Z ERROR 1 --- [flashseats] [   scheduling-2] c.f.o.s.StockReconciliationService       : Stock drift on tier 9003 of event 9003: counter says 5, ledger says 8
flashseats-app-1  | 2026-10-01T15:08:23.792Z ERROR 1 --- [flashseats] [   scheduling-2] c.f.o.s.StockReconciliationService       : Stock drift on tier 9004 of event 9004: counter says 9, ledger says 18
flashseats-app-2  | 2026-10-01T15:03:01.473Z  INFO 1 --- [flashseats] [           main] o.apache.catalina.core.StandardEngine    : Starting Servlet engine: [Apache Tomcat/11.0.24]
flashseats-app-2  | 2026-10-01T15:03:02.082Z  INFO 1 --- [flashseats] [           main] b.w.c.s.WebApplicationContextInitializer : Root WebApplicationContext: initialization completed in 32927 ms
flashseats-app-2  | 2026-10-01T15:03:22.444Z  INFO 1 --- [flashseats] [           main] com.zaxxer.hikari.HikariDataSource       : HikariPool-1 - Starting...
flashseats-app-2  | 2026-10-01T15:03:26.627Z  INFO 1 --- [flashseats] [           main] com.zaxxer.hikari.pool.HikariPool        : HikariPool-1 - Added connection org.postgresql.jdbc.PgConnection@400df2b3
flashseats-app-2  | 2026-10-01T15:03:26.644Z  INFO 1 --- [flashseats] [           main] com.zaxxer.hikari.HikariDataSource       : HikariPool-1 - Start completed.
flashseats-app-2  | 2026-10-01T15:03:27.155Z  INFO 1 --- [flashseats] [           main] org.flywaydb.core.FlywayExecutor         : Database: jdbc:postgresql://postgres:5432/flashseats (PostgreSQL 16.15)
flashseats-app-2  | 2026-10-01T15:03:29.014Z  INFO 1 --- [flashseats] [           main] o.f.core.internal.command.DbValidate     : Successfully validated 12 migrations (execution time 00:00.512s)
flashseats-app-2  | 2026-10-01T15:03:29.098Z  INFO 1 --- [flashseats] [           main] o.f.core.internal.command.DbMigrate      : Current version of schema "public": 12
flashseats-app-2  | 2026-10-01T15:03:29.117Z  INFO 1 --- [flashseats] [           main] o.f.core.internal.command.DbMigrate      : Schema "public" is up to date. No migration necessary.
flashseats-app-2  | 2026-10-01T15:03:30.828Z  INFO 1 --- [flashseats] [           main] org.hibernate.orm.jpa                    : HHH008540: Processing PersistenceUnitInfo [name: default]
flashseats-app-2  | 2026-10-01T15:03:31.681Z  INFO 1 --- [flashseats] [           main] org.hibernate.orm.core                   : HHH000001: Hibernate ORM core version 7.4.5.Final
flashseats-app-2  | 2026-10-01T15:03:37.149Z  INFO 1 --- [flashseats] [           main] o.s.o.j.p.SpringPersistenceUnitInfo      : No LoadTimeWeaver setup: ignoring JPA class transformer
flashseats-app-2  | 2026-10-01T15:03:37.600Z  INFO 1 --- [flashseats] [           main] org.hibernate.orm.connections.pooling    : HHH10001005: Database info:
flashseats-app-2  | 	Database JDBC URL [jdbc:postgresql://postgres:5432/flashseats]
flashseats-app-2  | 	Database driver: PostgreSQL JDBC Driver
flashseats-app-3  | 	Database version: 16.15
flashseats-app-3  | 	Default catalog/schema: flashseats/public
flashseats-app-2  | 	Database dialect: PostgreSQLDialect
flashseats-app-2  | 	Database version: 16.15
flashseats-app-2  | 	Default catalog/schema: flashseats/public
flashseats-app-2  | 	Autocommit mode: undefined/unknown
flashseats-app-2  | 	Isolation level: READ_COMMITTED [default READ_COMMITTED]
flashseats-app-2  | 	JDBC fetch size: none
flashseats-app-2  | 	Pool: DataSourceConnectionProvider
flashseats-app-2  | 	Minimum pool size: undefined/unknown
flashseats-app-2  | 	Maximum pool size: undefined/unknown
flashseats-app-2  | 2026-10-01T15:03:46.164Z  INFO 1 --- [flashseats] [           main] org.hibernate.orm.core                   : HHH000489: No JTA platform available (set 'hibernate.transaction.jta.platform' to enable JTA platform integration)
flashseats-app-2  | 2026-10-01T15:03:46.401Z  INFO 1 --- [flashseats] [           main] j.LocalContainerEntityManagerFactoryBean : Initialized JPA EntityManagerFactory for persistence unit 'default'
flashseats-app-2  | 2026-10-01T15:03:46.916Z  INFO 1 --- [flashseats] [           main] o.s.d.j.r.query.QueryEnhancerFactories   : Hibernate is in classpath; If applicable, HQL parser will be used.
flashseats-app-2  | 2026-10-01T15:04:05.025Z  INFO 1 --- [flashseats] [           main] c.f.p.gateway.PaymentGatewayConfig       : Payment gateway: Stripe
flashseats-app-2  | 2026-10-01T15:04:10.172Z  INFO 1 --- [flashseats] [           main] r$InitializeUserDetailsManagerConfigurer : Global AuthenticationManager configured with UserDetailsService bean with name adminUser
flashseats-app-2  | 2026-10-01T15:04:13.488Z  INFO 1 --- [flashseats] [           main] o.s.b.w.a.WelcomePageHandlerMapping      : Adding welcome page: class path resource [static/index.html]
flashseats-app-2  | 2026-10-01T15:04:19.660Z  INFO 1 --- [flashseats] [           main] o.s.b.a.e.web.EndpointLinksResolver      : Exposing 4 endpoints beneath base path '/actuator'
flashseats-app-2  | 2026-10-01T15:04:21.460Z  INFO 1 --- [flashseats] [           main] o.s.boot.tomcat.TomcatWebServer          : Tomcat started on port 8080 (http) with context path '/'
flashseats-app-3  | 	Autocommit mode: undefined/unknown
flashseats-app-3  | 	Isolation level: READ_COMMITTED [default READ_COMMITTED]
flashseats-app-2  | 2026-10-01T15:04:23.246Z  INFO 1 --- [flashseats] [           main] o.s.a.r.c.CachingConnectionFactory       : Attempting to connect to: [rabbitmq:5672]
flashseats-app-2  | 2026-10-01T15:04:23.797Z  INFO 1 --- [flashseats] [           main] o.s.a.r.c.CachingConnectionFactory       : Created new connection: rabbitConnectionFactory#182b9c6f:0/SimpleConnection@643c1c9e [delegate=amqp://flashseats@172.28.0.2:5672/, localPort=44174]
flashseats-app-2  | 2026-10-01T15:04:24.629Z  INFO 1 --- [flashseats] [           main] com.flashseats.FlashseatsApplication     : Started FlashseatsApplication in 120.393 seconds (process running for 124.649)
flashseats-app-2  | 2026-10-01T15:04:29.118Z  INFO 1 --- [flashseats] [omcat-handler-0] o.a.c.c.C.[Tomcat].[localhost].[/]       : Initializing Spring DispatcherServlet 'dispatcherServlet'
flashseats-app-2  | 2026-10-01T15:04:29.119Z  INFO 1 --- [flashseats] [omcat-handler-0] o.s.web.servlet.DispatcherServlet        : Initializing Servlet 'dispatcherServlet'
flashseats-app-3  | 	JDBC fetch size: none
flashseats-app-3  | 	Pool: DataSourceConnectionProvider
flashseats-app-3  | 	Minimum pool size: undefined/unknown
flashseats-app-3  | 	Maximum pool size: undefined/unknown
flashseats-app-3  | 2026-10-01T15:03:51.984Z  INFO 1 --- [flashseats] [           main] org.hibernate.orm.core                   : HHH000489: No JTA platform available (set 'hibernate.transaction.jta.platform' to enable JTA platform integration)
flashseats-app-3  | 2026-10-01T15:03:52.412Z  INFO 1 --- [flashseats] [           main] j.LocalContainerEntityManagerFactoryBean : Initialized JPA EntityManagerFactory for persistence unit 'default'
flashseats-app-3  | 2026-10-01T15:03:52.988Z  INFO 1 --- [flashseats] [           main] o.s.d.j.r.query.QueryEnhancerFactories   : Hibernate is in classpath; If applicable, HQL parser will be used.
flashseats-app-3  | 2026-10-01T15:04:13.250Z  INFO 1 --- [flashseats] [           main] c.f.p.gateway.PaymentGatewayConfig       : Payment gateway: Stripe
flashseats-app-2  | 2026-10-01T15:04:29.126Z  INFO 1 --- [flashseats] [omcat-handler-0] o.s.web.servlet.DispatcherServlet        : Completed initialization in 7 ms
flashseats-app-2  | 2026-10-01T15:05:24.672Z ERROR 1 --- [flashseats] [   scheduling-2] c.f.o.s.StockReconciliationService       : Stock drift on tier 9002 of event 9002: counter says 1, ledger says 2
flashseats-app-2  | 2026-10-01T15:05:24.712Z ERROR 1 --- [flashseats] [   scheduling-2] c.f.o.s.StockReconciliationService       : Stock drift on tier 9003 of event 9003: counter says 5, ledger says 8
flashseats-app-3  | 2026-10-01T15:04:17.243Z  INFO 1 --- [flashseats] [           main] r$InitializeUserDetailsManagerConfigurer : Global AuthenticationManager configured with UserDetailsService bean with name adminUser
flashseats-app-3  | 2026-10-01T15:04:19.718Z  INFO 1 --- [flashseats] [           main] o.s.b.w.a.WelcomePageHandlerMapping      : Adding welcome page: class path resource [static/index.html]
flashseats-app-1  | 2026-10-01T15:08:23.805Z ERROR 1 --- [flashseats] [   scheduling-2] c.f.o.s.StockReconciliationService       : Stock drift on tier 9005 of event 9005: counter says 7, ledger says 8
flashseats-app-1  | 2026-10-01T15:08:32.672Z  INFO 1 --- [flashseats] [   scheduling-2] c.f.queue.service.PromotionWorker        : Event 9001 is exhausted; notifying the waiting room
flashseats-app-2  | 2026-10-01T15:05:24.732Z ERROR 1 --- [flashseats] [   scheduling-2] c.f.o.s.StockReconciliationService       : Stock drift on tier 9004 of event 9004: counter says 9, ledger says 18
flashseats-app-2  | 2026-10-01T15:05:24.760Z ERROR 1 --- [flashseats] [   scheduling-2] c.f.o.s.StockReconciliationService       : Stock drift on tier 9005 of event 9005: counter says 7, ledger says 8
flashseats-app-2  | 2026-10-01T15:06:24.781Z ERROR 1 --- [flashseats] [   scheduling-2] c.f.o.s.StockReconciliationService       : Stock drift on tier 9002 of event 9002: counter says 1, ledger says 2
flashseats-app-1  | 2026-10-01T15:09:23.818Z ERROR 1 --- [flashseats] [   scheduling-2] c.f.o.s.StockReconciliationService       : Stock drift on tier 9002 of event 9002: counter says 1, ledger says 2
flashseats-app-1  | 2026-10-01T15:09:23.824Z ERROR 1 --- [flashseats] [   scheduling-2] c.f.o.s.StockReconciliationService       : Stock drift on tier 9003 of event 9003: counter says 5, ledger says 8
flashseats-app-1  | 2026-10-01T15:09:23.831Z ERROR 1 --- [flashseats] [   scheduling-2] c.f.o.s.StockReconciliationService       : Stock drift on tier 9004 of event 9004: counter says 9, ledger says 18
flashseats-app-3  | 2026-10-01T15:04:25.823Z  INFO 1 --- [flashseats] [           main] o.s.b.a.e.web.EndpointLinksResolver      : Exposing 4 endpoints beneath base path '/actuator'
flashseats-app-3  | 2026-10-01T15:04:26.464Z  INFO 1 --- [flashseats] [           main] o.s.boot.tomcat.TomcatWebServer          : Tomcat started on port 8080 (http) with context path '/'
flashseats-app-3  | 2026-10-01T15:04:27.439Z  INFO 1 --- [flashseats] [           main] o.s.a.r.c.CachingConnectionFactory       : Attempting to connect to: [rabbitmq:5672]
flashseats-app-2  | 2026-10-01T15:06:24.794Z ERROR 1 --- [flashseats] [   scheduling-2] c.f.o.s.StockReconciliationService       : Stock drift on tier 9003 of event 9003: counter says 5, ledger says 8
flashseats-app-2  | 2026-10-01T15:06:24.816Z ERROR 1 --- [flashseats] [   scheduling-2] c.f.o.s.StockReconciliationService       : Stock drift on tier 9004 of event 9004: counter says 9, ledger says 18
flashseats-app-2  | 2026-10-01T15:06:24.834Z ERROR 1 --- [flashseats] [   scheduling-2] c.f.o.s.StockReconciliationService       : Stock drift on tier 9005 of event 9005: counter says 7, ledger says 8
flashseats-app-1  | 2026-10-01T15:09:23.838Z ERROR 1 --- [flashseats] [   scheduling-2] c.f.o.s.StockReconciliationService       : Stock drift on tier 9005 of event 9005: counter says 7, ledger says 8
flashseats-app-1  | 2026-10-01T15:10:23.859Z ERROR 1 --- [flashseats] [   scheduling-2] c.f.o.s.StockReconciliationService       : Stock drift on tier 9002 of event 9002: counter says 1, ledger says 2
flashseats-app-1  | 2026-10-01T15:10:23.864Z ERROR 1 --- [flashseats] [   scheduling-2] c.f.o.s.StockReconciliationService       : Stock drift on tier 9003 of event 9003: counter says 5, ledger says 8
flashseats-app-3  | 2026-10-01T15:04:27.686Z  INFO 1 --- [flashseats] [           main] o.s.a.r.c.CachingConnectionFactory       : Created new connection: rabbitConnectionFactory#4cb62aac:0/SimpleConnection@6254a37b [delegate=amqp://flashseats@172.28.0.2:5672/, localPort=43240]
flashseats-app-3  | 2026-10-01T15:04:28.013Z  INFO 1 --- [flashseats] [           main] com.flashseats.FlashseatsApplication     : Started FlashseatsApplication in 122.471 seconds (process running for 127.017)
flashseats-app-3  | 2026-10-01T15:04:30.716Z  INFO 1 --- [flashseats] [omcat-handler-0] o.a.c.c.C.[Tomcat].[localhost].[/]       : Initializing Spring DispatcherServlet 'dispatcherServlet'
flashseats-app-3  | 2026-10-01T15:04:30.716Z  INFO 1 --- [flashseats] [omcat-handler-0] o.s.web.servlet.DispatcherServlet        : Initializing Servlet 'dispatcherServlet'
flashseats-app-3  | 2026-10-01T15:04:30.730Z  INFO 1 --- [flashseats] [omcat-handler-0] o.s.web.servlet.DispatcherServlet        : Completed initialization in 13 ms
flashseats-app-3  | 2026-10-01T15:05:28.052Z ERROR 1 --- [flashseats] [   scheduling-2] c.f.o.s.StockReconciliationService       : Stock drift on tier 9002 of event 9002: counter says 1, ledger says 2
flashseats-app-3  | 2026-10-01T15:05:28.077Z ERROR 1 --- [flashseats] [   scheduling-2] c.f.o.s.StockReconciliationService       : Stock drift on tier 9003 of event 9003: counter says 5, ledger says 8
flashseats-app-2  | 2026-10-01T15:07:24.849Z ERROR 1 --- [flashseats] [   scheduling-2] c.f.o.s.StockReconciliationService       : Stock drift on tier 9002 of event 9002: counter says 1, ledger says 2
flashseats-app-2  | 2026-10-01T15:07:24.858Z ERROR 1 --- [flashseats] [   scheduling-2] c.f.o.s.StockReconciliationService       : Stock drift on tier 9003 of event 9003: counter says 5, ledger says 8
flashseats-app-2  | 2026-10-01T15:07:24.870Z ERROR 1 --- [flashseats] [   scheduling-2] c.f.o.s.StockReconciliationService       : Stock drift on tier 9004 of event 9004: counter says 9, ledger says 18
flashseats-app-2  | 2026-10-01T15:07:24.879Z ERROR 1 --- [flashseats] [   scheduling-2] c.f.o.s.StockReconciliationService       : Stock drift on tier 9005 of event 9005: counter says 7, ledger says 8
flashseats-app-2  | 2026-10-01T15:08:24.892Z ERROR 1 --- [flashseats] [   scheduling-2] c.f.o.s.StockReconciliationService       : Stock drift on tier 9002 of event 9002: counter says 1, ledger says 2
flashseats-app-1  | 2026-10-01T15:10:23.869Z ERROR 1 --- [flashseats] [   scheduling-2] c.f.o.s.StockReconciliationService       : Stock drift on tier 9004 of event 9004: counter says 9, ledger says 18
flashseats-app-1  | 2026-10-01T15:10:23.874Z ERROR 1 --- [flashseats] [   scheduling-2] c.f.o.s.StockReconciliationService       : Stock drift on tier 9005 of event 9005: counter says 7, ledger says 8
flashseats-app-1  | 2026-10-01T15:11:23.886Z ERROR 1 --- [flashseats] [   scheduling-2] c.f.o.s.StockReconciliationService       : Stock drift on tier 9002 of event 9002: counter says 1, ledger says 2
flashseats-app-1  | 2026-10-01T15:11:23.892Z ERROR 1 --- [flashseats] [   scheduling-2] c.f.o.s.StockReconciliationService       : Stock drift on tier 9003 of event 9003: counter says 5, ledger says 8
flashseats-app-2  | 2026-10-01T15:08:24.900Z ERROR 1 --- [flashseats] [   scheduling-2] c.f.o.s.StockReconciliationService       : Stock drift on tier 9003 of event 9003: counter says 5, ledger says 8
flashseats-app-2  | 2026-10-01T15:08:24.907Z ERROR 1 --- [flashseats] [   scheduling-2] c.f.o.s.StockReconciliationService       : Stock drift on tier 9004 of event 9004: counter says 9, ledger says 18
flashseats-app-1  | 2026-10-01T15:11:23.898Z ERROR 1 --- [flashseats] [   scheduling-2] c.f.o.s.StockReconciliationService       : Stock drift on tier 9004 of event 9004: counter says 9, ledger says 18
flashseats-app-1  | 2026-10-01T15:11:23.905Z ERROR 1 --- [flashseats] [   scheduling-2] c.f.o.s.StockReconciliationService       : Stock drift on tier 9005 of event 9005: counter says 7, ledger says 8
flashseats-app-2  | 2026-10-01T15:08:24.915Z ERROR 1 --- [flashseats] [   scheduling-2] c.f.o.s.StockReconciliationService       : Stock drift on tier 9005 of event 9005: counter says 7, ledger says 8
flashseats-app-3  | 2026-10-01T15:05:28.110Z ERROR 1 --- [flashseats] [   scheduling-2] c.f.o.s.StockReconciliationService       : Stock drift on tier 9004 of event 9004: counter says 9, ledger says 18
flashseats-app-3  | 2026-10-01T15:05:28.125Z ERROR 1 --- [flashseats] [   scheduling-2] c.f.o.s.StockReconciliationService       : Stock drift on tier 9005 of event 9005: counter says 7, ledger says 8
flashseats-app-2  | 2026-10-01T15:09:24.926Z ERROR 1 --- [flashseats] [   scheduling-2] c.f.o.s.StockReconciliationService       : Stock drift on tier 9002 of event 9002: counter says 1, ledger says 2
flashseats-app-2  | 2026-10-01T15:09:24.932Z ERROR 1 --- [flashseats] [   scheduling-2] c.f.o.s.StockReconciliationService       : Stock drift on tier 9003 of event 9003: counter says 5, ledger says 8
flashseats-app-2  | 2026-10-01T15:09:24.940Z ERROR 1 --- [flashseats] [   scheduling-2] c.f.o.s.StockReconciliationService       : Stock drift on tier 9004 of event 9004: counter says 9, ledger says 18
flashseats-app-3  | 2026-10-01T15:06:28.151Z ERROR 1 --- [flashseats] [   scheduling-2] c.f.o.s.StockReconciliationService       : Stock drift on tier 9002 of event 9002: counter says 1, ledger says 2
flashseats-app-3  | 2026-10-01T15:06:28.161Z ERROR 1 --- [flashseats] [   scheduling-2] c.f.o.s.StockReconciliationService       : Stock drift on tier 9003 of event 9003: counter says 5, ledger says 8
flashseats-app-3  | 2026-10-01T15:06:28.172Z ERROR 1 --- [flashseats] [   scheduling-2] c.f.o.s.StockReconciliationService       : Stock drift on tier 9004 of event 9004: counter says 9, ledger says 18
flashseats-app-3  | 2026-10-01T15:06:28.183Z ERROR 1 --- [flashseats] [   scheduling-2] c.f.o.s.StockReconciliationService       : Stock drift on tier 9005 of event 9005: counter says 7, ledger says 8
flashseats-app-2  | 2026-10-01T15:09:24.946Z ERROR 1 --- [flashseats] [   scheduling-2] c.f.o.s.StockReconciliationService       : Stock drift on tier 9005 of event 9005: counter says 7, ledger says 8
flashseats-app-2  | 2026-10-01T15:10:24.955Z ERROR 1 --- [flashseats] [   scheduling-2] c.f.o.s.StockReconciliationService       : Stock drift on tier 9002 of event 9002: counter says 1, ledger says 2
flashseats-app-2  | 2026-10-01T15:10:24.960Z ERROR 1 --- [flashseats] [   scheduling-2] c.f.o.s.StockReconciliationService       : Stock drift on tier 9003 of event 9003: counter says 5, ledger says 8
flashseats-app-2  | 2026-10-01T15:10:24.967Z ERROR 1 --- [flashseats] [   scheduling-2] c.f.o.s.StockReconciliationService       : Stock drift on tier 9004 of event 9004: counter says 9, ledger says 18
flashseats-app-2  | 2026-10-01T15:10:24.974Z ERROR 1 --- [flashseats] [   scheduling-2] c.f.o.s.StockReconciliationService       : Stock drift on tier 9005 of event 9005: counter says 7, ledger says 8
flashseats-app-2  | 2026-10-01T15:11:24.998Z ERROR 1 --- [flashseats] [   scheduling-2] c.f.o.s.StockReconciliationService       : Stock drift on tier 9002 of event 9002: counter says 1, ledger says 2
flashseats-app-3  | 2026-10-01T15:07:28.213Z ERROR 1 --- [flashseats] [   scheduling-2] c.f.o.s.StockReconciliationService       : Stock drift on tier 9002 of event 9002: counter says 1, ledger says 2
flashseats-app-3  | 2026-10-01T15:07:28.223Z ERROR 1 --- [flashseats] [   scheduling-2] c.f.o.s.StockReconciliationService       : Stock drift on tier 9003 of event 9003: counter says 5, ledger says 8
flashseats-app-2  | 2026-10-01T15:11:25.004Z ERROR 1 --- [flashseats] [   scheduling-2] c.f.o.s.StockReconciliationService       : Stock drift on tier 9003 of event 9003: counter says 5, ledger says 8
flashseats-app-2  | 2026-10-01T15:11:25.011Z ERROR 1 --- [flashseats] [   scheduling-2] c.f.o.s.StockReconciliationService       : Stock drift on tier 9004 of event 9004: counter says 9, ledger says 18
flashseats-app-2  | 2026-10-01T15:11:25.017Z ERROR 1 --- [flashseats] [   scheduling-2] c.f.o.s.StockReconciliationService       : Stock drift on tier 9005 of event 9005: counter says 7, ledger says 8
flashseats-app-3  | 2026-10-01T15:07:28.235Z ERROR 1 --- [flashseats] [   scheduling-2] c.f.o.s.StockReconciliationService       : Stock drift on tier 9004 of event 9004: counter says 9, ledger says 18
flashseats-app-3  | 2026-10-01T15:07:28.246Z ERROR 1 --- [flashseats] [   scheduling-2] c.f.o.s.StockReconciliationService       : Stock drift on tier 9005 of event 9005: counter says 7, ledger says 8
flashseats-app-3  | 2026-10-01T15:08:28.257Z ERROR 1 --- [flashseats] [   scheduling-2] c.f.o.s.StockReconciliationService       : Stock drift on tier 9002 of event 9002: counter says 1, ledger says 2
flashseats-app-3  | 2026-10-01T15:08:28.265Z ERROR 1 --- [flashseats] [   scheduling-2] c.f.o.s.StockReconciliationService       : Stock drift on tier 9003 of event 9003: counter says 5, ledger says 8
flashseats-app-3  | 2026-10-01T15:08:28.272Z ERROR 1 --- [flashseats] [   scheduling-2] c.f.o.s.StockReconciliationService       : Stock drift on tier 9004 of event 9004: counter says 9, ledger says 18
flashseats-app-3  | 2026-10-01T15:08:28.278Z ERROR 1 --- [flashseats] [   scheduling-2] c.f.o.s.StockReconciliationService       : Stock drift on tier 9005 of event 9005: counter says 7, ledger says 8
flashseats-app-3  | 2026-10-01T15:09:28.292Z ERROR 1 --- [flashseats] [   scheduling-2] c.f.o.s.StockReconciliationService       : Stock drift on tier 9002 of event 9002: counter says 1, ledger says 2
flashseats-app-3  | 2026-10-01T15:09:28.297Z ERROR 1 --- [flashseats] [   scheduling-2] c.f.o.s.StockReconciliationService       : Stock drift on tier 9003 of event 9003: counter says 5, ledger says 8
flashseats-app-3  | 2026-10-01T15:09:28.305Z ERROR 1 --- [flashseats] [   scheduling-2] c.f.o.s.StockReconciliationService       : Stock drift on tier 9004 of event 9004: counter says 9, ledger says 18
flashseats-app-3  | 2026-10-01T15:09:28.312Z ERROR 1 --- [flashseats] [   scheduling-2] c.f.o.s.StockReconciliationService       : Stock drift on tier 9005 of event 9005: counter says 7, ledger says 8
flashseats-app-3  | 2026-10-01T15:10:28.319Z ERROR 1 --- [flashseats] [   scheduling-2] c.f.o.s.StockReconciliationService       : Stock drift on tier 9002 of event 9002: counter says 1, ledger says 2
flashseats-app-3  | 2026-10-01T15:10:28.326Z ERROR 1 --- [flashseats] [   scheduling-2] c.f.o.s.StockReconciliationService       : Stock drift on tier 9003 of event 9003: counter says 5, ledger says 8
flashseats-app-3  | 2026-10-01T15:10:28.330Z ERROR 1 --- [flashseats] [   scheduling-2] c.f.o.s.StockReconciliationService       : Stock drift on tier 9004 of event 9004: counter says 9, ledger says 18
flashseats-app-3  | 2026-10-01T15:10:28.336Z ERROR 1 --- [flashseats] [   scheduling-2] c.f.o.s.StockReconciliationService       : Stock drift on tier 9005 of event 9005: counter says 7, ledger says 8
flashseats-app-3  | 2026-10-01T15:11:28.347Z ERROR 1 --- [flashseats] [   scheduling-2] c.f.o.s.StockReconciliationService       : Stock drift on tier 9002 of event 9002: counter says 1, ledger says 2
flashseats-app-3  | 2026-10-01T15:11:28.352Z ERROR 1 --- [flashseats] [   scheduling-2] c.f.o.s.StockReconciliationService       : Stock drift on tier 9003 of event 9003: counter says 5, ledger says 8
flashseats-app-3  | 2026-10-01T15:11:28.359Z ERROR 1 --- [flashseats] [   scheduling-2] c.f.o.s.StockReconciliationService       : Stock drift on tier 9004 of event 9004: counter says 9, ledger says 18
flashseats-app-3  | 2026-10-01T15:11:28.364Z ERROR 1 --- [flashseats] [   scheduling-2] c.f.o.s.StockReconciliationService       : Stock drift on tier 9005 of event 9005: counter says 7, ledger says 8
