Sampling app-1 app-2 app-3 every 5s for 300s. Pool maximum is 30 per replica.

time      replica    pending    active    drift  missing
--------- -------- --------- --------- -------- --------
12:34:20  app-1          0.0       0.0      0.0      0.0
12:35:34  app-2          0.0       3.0      0.0      0.0
12:36:58  app-3          0.0       3.0      0.0      0.0
12:38:32  app-1          0.0      30.0      0.0      0.0
12:38:52  app-2          0.0       0.0      6.0      0.0  <-- drift on one computation; transient unless the next one repeats
12:39:05  app-3          0.0       0.0      6.0      0.0  <-- drift on one computation; transient unless the next one repeats

--------------------------------------------------------------------
  6 samples across app-1, app-2, app-3
  worst hikaricp_connections_pending: 0

  NOTE  flashseats_stock_drift was non-zero on 2 isolated sample(s) and
        zero on the next read of that replica. That is the measurement's own
        artefact, not a defect: Redis and PostgreSQL are not read in one
        snapshot, so a hold created between them shows as a momentary gap
        (ADR-046). Confirm with docker/scripts/sold-count.sh, which reads the
        ledger and is the authority.

  No pool pressure observed at this VU count and this E.

  Read that narrowly. It means the budget was not exceeded HERE — not that
  ADR-049's arithmetic is wrong. Scale VUS up, or EVENTS up, until it is,
  and record the point at which it turns over. A drill that only ever
  passes has not found the edge, it has just not looked far enough.
